{
  "Entries": [
    {
      "RequestUri": "https://annelocontainerregistry.azurecr.io/acr/v1/node-1-microsoftwindows10019042-net508/_manifests?orderby=timedesc",
      "RequestMethod": "GET",
      "RequestHeaders": {
        "Accept": "application/json",
        "User-Agent": [
          "azsdk-net-Containers.ContainerRegistry/1.0.0-alpha.20210717.1",
          "(.NET 5.0.8; Microsoft Windows 10.0.19042)"
        ],
        "x-ms-client-request-id": "8dfb416f5580c25587549fac82a4e907",
        "x-ms-return-client-request-id": "true"
      },
      "RequestBody": null,
      "StatusCode": 401,
      "ResponseHeaders": {
        "Access-Control-Expose-Headers": [
          "Docker-Content-Digest",
          "WWW-Authenticate",
          "Link",
          "X-Ms-Correlation-Request-Id"
        ],
        "Connection": "keep-alive",
        "Content-Length": "240",
        "Content-Type": "application/json; charset=utf-8",
        "Date": "Sat, 17 Jul 2021 21:14:59 GMT",
        "Docker-Distribution-Api-Version": "registry/2.0",
        "Server": "openresty",
        "Strict-Transport-Security": [
          "max-age=31536000; includeSubDomains",
          "max-age=31536000; includeSubDomains"
        ],
        "WWW-Authenticate": "Bearer realm=\u0022https://annelocontainerregistry.azurecr.io/oauth2/token\u0022,service=\u0022annelocontainerregistry.azurecr.io\u0022,scope=\u0022repository:node-1-microsoftwindows10019042-net508:metadata_read\u0022",
        "X-Content-Type-Options": "nosniff",
        "X-Ms-Correlation-Request-Id": "dd944d53-43b9-43d7-beef-aa0e84fd0f33"
      },
      "ResponseBody": {
        "errors": [
          {
            "code": "UNAUTHORIZED",
            "message": "authentication required, visit https://aka.ms/acr/authorization for more information.",
            "detail": [
              {
                "Type": "repository",
                "Name": "node-1-microsoftwindows10019042-net508",
                "Action": "metadata_read"
              }
            ]
          }
        ]
      }
    },
    {
      "RequestUri": "https://annelocontainerregistry.azurecr.io/oauth2/exchange",
      "RequestMethod": "POST",
      "RequestHeaders": {
        "Accept": "application/json",
        "Content-Length": "89",
        "Content-Type": "application/x-www-form-urlencoded",
        "User-Agent": [
          "azsdk-net-Containers.ContainerRegistry/1.0.0-alpha.20210717.1",
          "(.NET 5.0.8; Microsoft Windows 10.0.19042)"
        ],
        "x-ms-client-request-id": "dca4add40de0b7fd06ec55f4403c7d8f",
        "x-ms-return-client-request-id": "true"
      },
      "RequestBody": "grant_type=access_token\u0026service=annelocontainerregistry.azurecr.io\u0026access_token=Sanitized",
      "StatusCode": 200,
      "ResponseHeaders": {
        "Connection": "keep-alive",
        "Content-Type": "application/json; charset=utf-8",
        "Date": "Sat, 17 Jul 2021 21:14:59 GMT",
        "Server": "openresty",
        "Strict-Transport-Security": "max-age=31536000; includeSubDomains",
        "Transfer-Encoding": "chunked",
        "X-Ms-Correlation-Request-Id": "a146ec78-28e5-4796-8023-20689904f8b9",
        "x-ms-ratelimit-remaining-calls-per-second": "166.65"
      },
      "ResponseBody": {
        "refresh_token": "Sanitized.eyJleHAiOjI1NzI2MzY0NTR9.Sanitized"
      }
    },
    {
      "RequestUri": "https://annelocontainerregistry.azurecr.io/oauth2/token",
      "RequestMethod": "POST",
      "RequestHeaders": {
        "Accept": "application/json",
        "Content-Length": "165",
        "Content-Type": "application/x-www-form-urlencoded",
        "User-Agent": [
          "azsdk-net-Containers.ContainerRegistry/1.0.0-alpha.20210717.1",
          "(.NET 5.0.8; Microsoft Windows 10.0.19042)"
        ],
        "x-ms-client-request-id": "6676309f85a501d7d4c88e3a7e306262",
        "x-ms-return-client-request-id": "true"
      },
      "RequestBody": "service=annelocontainerregistry.azurecr.io\u0026scope=repository%3anode-1-microsoftwindows10019042-net508%3ametadata_read\u0026refresh_token=Sanitized\u0026grant_type=refresh_token",
      "StatusCode": 200,
      "ResponseHeaders": {
        "Connection": "keep-alive",
        "Content-Type": "application/json; charset=utf-8",
        "Date": "Sat, 17 Jul 2021 21:14:59 GMT",
        "Server": "openresty",
        "Strict-Transport-Security": "max-age=31536000; includeSubDomains",
        "Transfer-Encoding": "chunked",
        "X-Ms-Correlation-Request-Id": "f9bf5941-89d9-4b3b-b402-73a6bf227ead",
        "x-ms-ratelimit-remaining-calls-per-second": "166.633333"
      },
      "ResponseBody": {
        "access_token": "eyJhbGciOiJSUzI1NiIsInR5cCI6IkpXVCIsImtpZCI6IkVERFE6SFVYWDpMQzQ3OlpCUk06T0k0WTpPUjY2OkFVWko6Qlk3RTo3N0pWOjU0UlI6UU1BSzpOTDI1In0.eyJqdGkiOiI4NThmMzI2Yi03ZThmLTQ0OGYtOGMyMC05MzkyYjVmYmUxOGIiLCJzdWIiOiI3YTc4NjExNS0wNjViLTRiMWItYmEyMi1lOWY3NmU2MGE2NjkiLCJuYmYiOjE2MjY1NTU1OTksImV4cCI6MTYyNjU2MDA5OSwiaWF0IjoxNjI2NTU1NTk5LCJpc3MiOiJBenVyZSBDb250YWluZXIgUmVnaXN0cnkiLCJhdWQiOiJhbm5lbG9jb250YWluZXJyZWdpc3RyeS5henVyZWNyLmlvIiwidmVyc2lvbiI6IjIuMCIsInJpZCI6ImM0ZjljYjU3N2Q2NzRkM2ZhZTk0MTI3MjI2NzY3N2E5IiwiYWNjZXNzIjpbeyJ0eXBlIjoicmVwb3NpdG9yeSIsIm5hbWUiOiJub2RlLTEtbWljcm9zb2Z0d2luZG93czEwMDE5MDQyLW5ldDUwOCIsImFjdGlvbnMiOlsibWV0YWRhdGFfcmVhZCJdfV0sInJvbGVzIjpbXSwiZ3JhbnRfdHlwZSI6ImFjY2Vzc190b2tlbiIsImFwcGlkIjoiMDE4YWJlOGMtNjY4Ni00MGQ4LThmZTAtNmVmYzY0MDhkM2M4In0.gE4SPdAIVQnVulA1fjao-V_G1QwIqchqS6JFHc2OY5_gdksznpWU61ljiNHiqpb63aBiuFctCeKkYmObmKfc4DrIcZgRZY2B31pdsEQZCxpcmBw0wJQEUKn1g1vfeoQ_Xxtoeh1lixPfkbz84CiM7GTi86dtNdYahqfHhEhxEov6Xmct0o04TuaGWBJOhx2ZMW2GB-svogn5ZSld3RWsNYxadBiE-DK6IbrMI8qp5oIfOv0Av--scMoaoAcA02_gSFtWanB4qsXX4JwwdLDHVcDhRsTeMfH-FZTtEflCKCsofivtRopfiYK7NYY4abpDmH2MHWNjnkIe7zTMnySByw"
      }
    },
    {
      "RequestUri": "https://annelocontainerregistry.azurecr.io/acr/v1/node-1-microsoftwindows10019042-net508/_manifests?orderby=timedesc",
      "RequestMethod": "GET",
      "RequestHeaders": {
        "Accept": "application/json",
        "Authorization": "Sanitized",
        "User-Agent": [
          "azsdk-net-Containers.ContainerRegistry/1.0.0-alpha.20210717.1",
          "(.NET 5.0.8; Microsoft Windows 10.0.19042)"
        ],
        "x-ms-client-request-id": "8dfb416f5580c25587549fac82a4e907",
        "x-ms-return-client-request-id": "true"
      },
      "RequestBody": null,
      "StatusCode": 200,
      "ResponseHeaders": {
        "Access-Control-Expose-Headers": [
          "Docker-Content-Digest",
          "WWW-Authenticate",
          "Link",
          "X-Ms-Correlation-Request-Id"
        ],
        "Connection": "keep-alive",
        "Content-Length": "1020",
        "Content-Type": "application/json; charset=utf-8",
        "Date": "Sat, 17 Jul 2021 21:15:00 GMT",
        "Docker-Distribution-Api-Version": "registry/2.0",
        "Server": "openresty",
        "Strict-Transport-Security": [
          "max-age=31536000; includeSubDomains",
          "max-age=31536000; includeSubDomains"
        ],
        "X-Content-Type-Options": "nosniff",
        "X-Ms-Correlation-Request-Id": "38312ed7-b8cd-4a87-a9f7-3c1d0e570202"
      },
      "ResponseBody": {
        "registry": "annelocontainerregistry.azurecr.io",
        "imageName": "node-1-microsoftwindows10019042-net508",
        "manifests": [
          {
            "digest": "sha256:5e5d07de2101ee559c51656ddfe9f78b8ee5f02932979a6b60343dc1e3abeebb",
            "imageSize": 339619705,
            "createdTime": "2021-07-17T21:14:53.3471863Z",
            "lastUpdateTime": "2021-07-17T21:14:53.3471863Z",
            "architecture": "arm64",
            "os": "linux",
            "mediaType": "application/vnd.docker.distribution.manifest.v2\u002Bjson",
            "tags": [
              "newest"
            ],
            "changeableAttributes": {
              "deleteEnabled": true,
              "writeEnabled": true,
              "readEnabled": true,
              "listEnabled": true,
              "quarantineState": "Passed"
            }
          },
          {
            "digest": "sha256:b2e85fe0e037a625d601a81ce962d196bec948cab3d68278ab4a5dd177da59e2",
            "imageSize": 330834087,
            "createdTime": "2021-07-17T21:14:32.2503227Z",
            "lastUpdateTime": "2021-07-17T21:14:32.2503227Z",
            "architecture": "s390x",
            "os": "linux",
            "mediaType": "application/vnd.docker.distribution.manifest.v2\u002Bjson",
            "tags": [
              "oldest"
            ],
            "changeableAttributes": {
              "deleteEnabled": true,
              "writeEnabled": true,
              "readEnabled": true,
              "listEnabled": true,
              "quarantineState": "Passed"
            }
          }
        ]
      }
    },
    {
      "RequestUri": "https://annelocontainerregistry.azurecr.io/acr/v1/node-1-microsoftwindows10019042-net508",
      "RequestMethod": "DELETE",
      "RequestHeaders": {
        "Accept": "application/json",
        "User-Agent": [
          "azsdk-net-Containers.ContainerRegistry/1.0.0-alpha.20210717.1",
          "(.NET 5.0.8; Microsoft Windows 10.0.19042)"
        ],
        "x-ms-client-request-id": "49c5318d9fd761b1434386930060814a",
        "x-ms-return-client-request-id": "true"
      },
      "RequestBody": null,
      "StatusCode": 401,
      "ResponseHeaders": {
        "Access-Control-Expose-Headers": [
          "Docker-Content-Digest",
          "WWW-Authenticate",
          "Link",
          "X-Ms-Correlation-Request-Id"
        ],
        "Connection": "keep-alive",
        "Content-Length": "233",
        "Content-Type": "application/json; charset=utf-8",
        "Date": "Sat, 17 Jul 2021 21:15:00 GMT",
        "Docker-Distribution-Api-Version": "registry/2.0",
        "Server": "openresty",
        "Strict-Transport-Security": [
          "max-age=31536000; includeSubDomains",
          "max-age=31536000; includeSubDomains"
        ],
        "WWW-Authenticate": "Bearer realm=\u0022https://annelocontainerregistry.azurecr.io/oauth2/token\u0022,service=\u0022annelocontainerregistry.azurecr.io\u0022,scope=\u0022repository:node-1-microsoftwindows10019042-net508:delete\u0022",
        "X-Content-Type-Options": "nosniff",
        "X-Ms-Correlation-Request-Id": "504a2dfd-9d6e-4dd4-a1fd-ad847ea4ec2f"
      },
      "ResponseBody": {
        "errors": [
          {
            "code": "UNAUTHORIZED",
            "message": "authentication required, visit https://aka.ms/acr/authorization for more information.",
            "detail": [
              {
                "Type": "repository",
                "Name": "node-1-microsoftwindows10019042-net508",
                "Action": "delete"
              }
            ]
          }
        ]
      }
    },
    {
      "RequestUri": "https://annelocontainerregistry.azurecr.io/oauth2/token",
      "RequestMethod": "POST",
      "RequestHeaders": {
        "Accept": "application/json",
        "Content-Length": "158",
        "Content-Type": "application/x-www-form-urlencoded",
        "User-Agent": [
          "azsdk-net-Containers.ContainerRegistry/1.0.0-alpha.20210717.1",
          "(.NET 5.0.8; Microsoft Windows 10.0.19042)"
        ],
        "x-ms-client-request-id": "510d10d7832d4e61d5a308187fc239d6",
        "x-ms-return-client-request-id": "true"
      },
      "RequestBody": "service=annelocontainerregistry.azurecr.io\u0026scope=repository%3anode-1-microsoftwindows10019042-net508%3adelete\u0026refresh_token=Sanitized\u0026grant_type=refresh_token",
      "StatusCode": 200,
      "ResponseHeaders": {
        "Connection": "keep-alive",
        "Content-Type": "application/json; charset=utf-8",
        "Date": "Sat, 17 Jul 2021 21:15:00 GMT",
        "Server": "openresty",
        "Strict-Transport-Security": "max-age=31536000; includeSubDomains",
        "Transfer-Encoding": "chunked",
        "X-Ms-Correlation-Request-Id": "0b68f281-86ff-4829-baf4-47c0fe594b13",
        "x-ms-ratelimit-remaining-calls-per-second": "166.616667"
      },
      "ResponseBody": {
        "access_token": "eyJhbGciOiJSUzI1NiIsInR5cCI6IkpXVCIsImtpZCI6IkVERFE6SFVYWDpMQzQ3OlpCUk06T0k0WTpPUjY2OkFVWko6Qlk3RTo3N0pWOjU0UlI6UU1BSzpOTDI1In0.eyJqdGkiOiIyMjlkNmIyYy03Nzg5LTQzZmMtYTBjMi01N2Q2MWUxMWY0N2QiLCJzdWIiOiI3YTc4NjExNS0wNjViLTRiMWItYmEyMi1lOWY3NmU2MGE2NjkiLCJuYmYiOjE2MjY1NTU2MDAsImV4cCI6MTYyNjU2MDEwMCwiaWF0IjoxNjI2NTU1NjAwLCJpc3MiOiJBenVyZSBDb250YWluZXIgUmVnaXN0cnkiLCJhdWQiOiJhbm5lbG9jb250YWluZXJyZWdpc3RyeS5henVyZWNyLmlvIiwidmVyc2lvbiI6IjEuMCIsInJpZCI6ImM0ZjljYjU3N2Q2NzRkM2ZhZTk0MTI3MjI2NzY3N2E5IiwiYWNjZXNzIjpbeyJ0eXBlIjoicmVwb3NpdG9yeSIsIm5hbWUiOiJub2RlLTEtbWljcm9zb2Z0d2luZG93czEwMDE5MDQyLW5ldDUwOCIsImFjdGlvbnMiOlsiZGVsZXRlIl19XSwicm9sZXMiOltdLCJncmFudF90eXBlIjoiYWNjZXNzX3Rva2VuIiwiYXBwaWQiOiIwMThhYmU4Yy02Njg2LTQwZDgtOGZlMC02ZWZjNjQwOGQzYzgifQ.rMYklODUg0-tQ_MTCw_Ulao3zhdEf5_n6DO1zT9ScXEz4Erndmg6N19ETci0Xt7TkdFyqk7Tj9eQhlswnF2cIBSWQDOvXNS3pp4oqxzB4dr49RM3WLLYM8wVp7xDTe3dLujMF-L09UOgAq6Y55eDLUIV4JcjzrvHKCBsUqtt3xq7dAcytKmDzVM9LgeA0C3MA6oThNZyLQjyhfT_KdnSrHxdRXxcnq8hiCRdTvkcmDm7ntADfgPU2D83rbBkNrtzWvmc5y-hEXm5YULaQnKxCcXopXK30OiSHjMGUkzK9WgcFolB38HnGYys2yVoNgcUJ27NqWWKCrOSSs96BtvmHw"
      }
    },
    {
      "RequestUri": "https://annelocontainerregistry.azurecr.io/acr/v1/node-1-microsoftwindows10019042-net508",
      "RequestMethod": "DELETE",
      "RequestHeaders": {
        "Accept": "application/json",
        "Authorization": "Sanitized",
        "User-Agent": [
          "azsdk-net-Containers.ContainerRegistry/1.0.0-alpha.20210717.1",
          "(.NET 5.0.8; Microsoft Windows 10.0.19042)"
        ],
        "x-ms-client-request-id": "49c5318d9fd761b1434386930060814a",
        "x-ms-return-client-request-id": "true"
      },
      "RequestBody": null,
      "StatusCode": 202,
      "ResponseHeaders": {
        "Access-Control-Expose-Headers": [
          "Docker-Content-Digest",
          "WWW-Authenticate",
          "Link",
          "X-Ms-Correlation-Request-Id"
        ],
        "Connection": "keep-alive",
        "Content-Length": "204",
        "Content-Type": "application/json; charset=utf-8",
        "Date": "Sat, 17 Jul 2021 21:15:00 GMT",
        "Docker-Distribution-Api-Version": "registry/2.0",
        "Server": "openresty",
        "Strict-Transport-Security": [
          "max-age=31536000; includeSubDomains",
          "max-age=31536000; includeSubDomains"
        ],
        "X-Content-Type-Options": "nosniff",
        "X-Ms-Client-Request-Id": "49c5318d9fd761b1434386930060814a",
        "X-Ms-Correlation-Request-Id": "c0f96584-2f39-4da5-951d-d3845aa01e64",
        "X-Ms-Ratelimit-Remaining-Calls-Per-Second": "8.000000",
        "X-Ms-Request-Id": "f9b5fd5b-20a5-450e-8377-23e5d19d3d1d"
      },
      "ResponseBody": {
        "manifestsDeleted": [
          "sha256:5e5d07de2101ee559c51656ddfe9f78b8ee5f02932979a6b60343dc1e3abeebb",
          "sha256:b2e85fe0e037a625d601a81ce962d196bec948cab3d68278ab4a5dd177da59e2"
        ],
        "tagsDeleted": [
          "newest",
          "oldest"
        ]
      }
    }
  ],
  "Variables": {
    "CLIENT_ID": "018abe8c-6686-40d8-8fe0-6efc6408d3c8",
    "CONTAINERREGISTRY_ENDPOINT": "https://annelocontainerregistry.azurecr.io",
    "CONTAINERREGISTRY_REGISTRY_NAME": "annelocontainerregistry",
    "RandomSeed": "5773839",
    "RESOURCE_GROUP": "rg-annelocontainerregistry",
    "SUBSCRIPTION_ID": "faa080af-c1d8-40ad-9cce-e1a450ca5b57",
    "TENANT_ID": "72f988bf-86f1-41af-91ab-2d7cd011db47"
  }
}